// Jest Snapshot v1, https://goo.gl/fbAQLP

exports[`deprecated should render component 1`] = `<div />`;
